// Jest Snapshot v1, https://goo.gl/fbAQLP

exports[`renders correctly 1`] = `
<View
  style={
    Object {
      "alignItems": "center",
      "alignSelf": "stretch",
      "backgroundColor": "#FBFCFE",
      "flex": 1,
      "paddingBottom": 20,
      "paddingHorizontal": 20,
      "paddingTop": 30,
    }
  }
>
  <View
    style={
      Object {
        "alignItems": "center",
        "alignSelf": "stretch",
        "flexDirection": "row",
      }
    }
  >
    <View
      style={
        Object {
          "borderColor": "#6B6E72",
          "borderRadius": 3,
          "borderWidth": 1,
          "flex": 1,
          "marginRight": 6,
        }
      }
    >
      <TextInput
        allowFontScaling={true}
        autoFocus={true}
        multiline={true}
        numberOfLines={2}
        onChangeText={[Function]}
        placeholder="Enter text to be hashed"
        returnKeyType="done"
        underlineColorAndroid="transparent"
      />
    </View>
    <View
      accessible={true}
      isTVSelectable={true}
      onResponderGrant={[Function]}
      onResponderMove={[Function]}
      onResponderRelease={[Function]}
      onResponderTerminate={[Function]}
      onResponderTerminationRequest={[Function]}
      onStartShouldSetResponder={[Function]}
      style={
        Object {
          "backgroundColor": "#DDDDDD",
          "borderRadius": 3,
          "opacity": 1,
          "paddingHorizontal": 16,
          "paddingVertical": 8,
        }
      }
    >
      <Text
        style={
          Array [
            Object {
              "color": "#FBFCFE",
              "fontSize": 15,
              "fontWeight": "600",
            },
          ]
        }
      >
        Hash
      </Text>
    </View>
  </View>
</View>
`;
